2026-08-13T09:41:30-05:00 - Rechazo SUNAT - archivo=20394062929-03-B001-00000004 - codigo=0306 - mensaje=No se puede leer (parsear) el archivo XML - xml=REJECTED-20394062929-03-B001-00000004-20260813_094130.xml
2026-08-13T10:00:05-05:00 - Rechazo SUNAT - archivo=20394062929-03-B001-00000002 - codigo=0306 - mensaje=No se puede leer (parsear) el archivo XML - xml=REJECTED-20394062929-03-B001-00000002-20260813_100005.xml
2026-08-13T10:00:40-05:00 - Rechazo SUNAT - archivo=20394062929-03-B001-00000002 - codigo=0306 - mensaje=No se puede leer (parsear) el archivo XML - xml=REJECTED-20394062929-03-B001-00000002-20260813_100040.xml
2026-08-13T10:00:59-05:00 - Rechazo SUNAT - archivo=20394062929-03-B001-00000002 - codigo=0306 - mensaje=No se puede leer (parsear) el archivo XML - xml=REJECTED-20394062929-03-B001-00000002-20260813_100059.xml
2026-08-13T10:05:06-05:00 - Rechazo SUNAT - archivo=20394062929-03-B001-00000008 - codigo=0306 - mensaje=No se puede leer (parsear) el archivo XML - xml=REJECTED-20394062929-03-B001-00000008-20260813_100506.xml
2026-08-13T10:18:09-05:00 - Rechazo SUNAT - archivo=20394062929-03-B001-00000009 - codigo=0306 - mensaje=No se puede leer (parsear) el archivo XML - xml=REJECTED-20394062929-03-B001-00000009-20260813_101809.xml
2026-08-13T10:25:47-05:00 - Rechazo SUNAT - archivo=20394062929-03-B001-00000009 - codigo=1008 - mensaje=El XML no contiene el tag o no existe informacion en tipo de documento del emisor. - xml=REJECTED-20394062929-03-B001-00000009-20260813_102547.xml
2026-08-13T10:37:14-05:00 - Rechazo SUNAT - archivo=20394062929-03-B001-00000009 - codigo=1008 - mensaje=El XML no contiene el tag o no existe informacion en tipo de documento del emisor. - xml=REJECTED-20394062929-03-B001-00000009-20260813_103714.xml
2026-08-13T10:49:57-05:00 - Rechazo SUNAT - archivo=20394062929-03-B001-00000009 - codigo=0306 - mensaje=No se puede leer (parsear) el archivo XML - xml=REJECTED-20394062929-03-B001-00000009-20260813_104957.xml
2026-08-13T11:06:12-05:00 - Rechazo SUNAT - archivo=20394062929-03-B001-00000009 - codigo=3205 - mensaje=Debe consignar el tipo de operación - xml=REJECTED-20394062929-03-B001-00000009-20260813_110612.xml
2026-08-13T11:32:03-05:00 - Rechazo SUNAT - archivo=20394062929-03-B001-00000001 - codigo=3111 - mensaje=El monto de afectación de IGV por linea debe ser diferente a 0.00. - xml=REJECTED-20394062929-03-B001-00000001-20260813_113203.xml
2026-08-24T18:29:55-05:00 - Rechazo SUNAT - archivo=20394062929-03-B001-00000026 - codigo=HTTP - mensaje=Unauthorized - xml=REJECTED-20394062929-03-B001-00000026-20260824_182955.xml
2026-08-24T18:29:55-05:00 - Rechazo SUNAT - archivo=20394062929-01-F001-00000002 - codigo=3030 - mensaje=El XML no contiene el tag o no existe información del código de local anexo del emisor - xml=REJECTED-20394062929-01-F001-00000002-20260824_182955.xml
2026-08-24T18:29:55-05:00 - Rechazo SUNAT - archivo=20394062929-03-B001-00000022 - codigo=HTTP - mensaje=Unauthorized - xml=REJECTED-20394062929-03-B001-00000022-20260824_182955.xml
2026-08-24T18:29:55-05:00 - Rechazo SUNAT - archivo=20394062929-03-B001-00000020 - codigo=HTTP - mensaje=Unauthorized - xml=REJECTED-20394062929-03-B001-00000020-20260824_182955.xml
2026-08-24T18:29:55-05:00 - Rechazo SUNAT - archivo=20394062929-03-B001-00000018 - codigo=HTTP - mensaje=Unauthorized - xml=REJECTED-20394062929-03-B001-00000018-20260824_182955.xml
2026-08-24T18:30:17-05:00 - Rechazo SUNAT - archivo=20394062929-01-F001-00000002 - codigo=3030 - mensaje=El XML no contiene el tag o no existe información del código de local anexo del emisor - xml=REJECTED-20394062929-01-F001-00000002-20260824_183017.xml
2026-08-24T18:30:20-05:00 - Rechazo SUNAT - archivo=20394062929-01-F001-00000002 - codigo=3030 - mensaje=El XML no contiene el tag o no existe información del código de local anexo del emisor - xml=REJECTED-20394062929-01-F001-00000002-20260824_183020.xml
2026-08-24T18:30:41-05:00 - Rechazo SUNAT - archivo=20394062929-01-F001-00000002 - codigo=3030 - mensaje=El XML no contiene el tag o no existe información del código de local anexo del emisor - xml=REJECTED-20394062929-01-F001-00000002-20260824_183041.xml
2026-08-24T18:30:44-05:00 - Rechazo SUNAT - archivo=20394062929-01-F001-00000002 - codigo=3030 - mensaje=El XML no contiene el tag o no existe información del código de local anexo del emisor - xml=REJECTED-20394062929-01-F001-00000002-20260824_183044.xml
2026-08-24T18:30:49-05:00 - Rechazo SUNAT - archivo=20394062929-01-F001-00000003 - codigo=3030 - mensaje=El XML no contiene el tag o no existe información del código de local anexo del emisor - xml=REJECTED-20394062929-01-F001-00000003-20260824_183049.xml
2026-08-24T18:31:54-05:00 - Rechazo SUNAT - archivo=20394062929-01-F001-00000004 - codigo=3030 - mensaje=El XML no contiene el tag o no existe información del código de local anexo del emisor - xml=REJECTED-20394062929-01-F001-00000004-20260824_183154.xml
2026-08-29T11:43:06-05:00 - Rechazo SUNAT - archivo=20394062929-01-F001-00000004 - codigo=3030 - mensaje=El XML no contiene el tag o no existe información del código de local anexo del emisor - xml=REJECTED-20394062929-01-F001-00000004-20260829_114306.xml
2026-08-29T12:12:59-05:00 - Rechazo SUNAT - archivo=20394062929-01-F001-00000004 - codigo=3030 - mensaje=El XML no contiene el tag o no existe información del código de local anexo del emisor - xml=REJECTED-20394062929-01-F001-00000004-20260829_121259.xml
2026-08-29T12:13:41-05:00 - Rechazo SUNAT - archivo=20394062929-01-F001-00000005 - codigo=3030 - mensaje=El XML no contiene el tag o no existe información del código de local anexo del emisor - xml=REJECTED-20394062929-01-F001-00000005-20260829_121341.xml
2026-08-29T12:23:19-05:00 - Rechazo SUNAT - archivo=20394062929-01-F001-00000005 - codigo=3275 - mensaje=La sumatoria del total valor de venta - operaciones exoneradas de línea no corresponden al total - Detalle: xxx.xxx.xxx value='ticket: 1788024267924 error: INFO : 3275 (nodo: "cac:TaxSubtotal/cbc:TaxableAmount" valor: "0.00")' - xml=REJECTED-20394062929-01-F001-00000005-20260829_122319.xml
2026-08-29T12:58:45-05:00 - Rechazo SUNAT - archivo=20394062929-01-F001-00000006 - codigo=HTTP - mensaje=Could not connect to host - xml=REJECTED-20394062929-01-F001-00000006-20260829_125845.xml
2026-08-29T13:05:01-05:00 - Rechazo SUNAT - archivo=20394062929-01-F001-00000006 - codigo=3244 - mensaje=Debe consignar la informacion del tipo de transaccion del comprobante - xml=REJECTED-20394062929-01-F001-00000006-20260829_130501.xml
2026-08-29T13:05:08-05:00 - Rechazo SUNAT - archivo=20394062929-01-F001-00000005 - codigo=3244 - mensaje=Debe consignar la informacion del tipo de transaccion del comprobante - xml=REJECTED-20394062929-01-F001-00000005-20260829_130508.xml
2026-08-29T15:30:42-05:00 - Rechazo SUNAT - archivo=20394062929-01-F001-00000006 - codigo=3244 - mensaje=Debe consignar la informacion del tipo de transaccion del comprobante - xml=REJECTED-20394062929-01-F001-00000006-20260829_153042.xml
2026-08-29T15:43:07-05:00 - Rechazo SUNAT - archivo=20394062929-01-F001-00000006 - codigo=3244 - mensaje=Debe consignar la informacion del tipo de transaccion del comprobante - xml=REJECTED-20394062929-01-F001-00000006-20260829_154307.xml
2026-08-29T15:43:16-05:00 - Rechazo SUNAT - archivo=20394062929-01-F001-00000006 - codigo=3244 - mensaje=Debe consignar la informacion del tipo de transaccion del comprobante - xml=REJECTED-20394062929-01-F001-00000006-20260829_154316.xml
2026-08-29T15:43:44-05:00 - Rechazo SUNAT - archivo=20394062929-01-F001-00000006 - codigo=3244 - mensaje=Debe consignar la informacion del tipo de transaccion del comprobante - xml=REJECTED-20394062929-01-F001-00000006-20260829_154344.xml
2026-08-29T15:46:46-05:00 - Rechazo SUNAT - archivo=20394062929-01-F001-00000006 - codigo=3244 - mensaje=Debe consignar la informacion del tipo de transaccion del comprobante - xml=REJECTED-20394062929-01-F001-00000006-20260829_154646.xml
2026-08-29T16:00:30-05:00 - Rechazo SUNAT - archivo=20394062929-01-F001-00000005 - codigo=3244 - mensaje=Debe consignar la informacion del tipo de transaccion del comprobante - xml=REJECTED-20394062929-01-F001-00000005-20260829_160030.xml
2026-08-29T16:02:32-05:00 - Rechazo SUNAT - archivo=20394062929-01-F001-00000007 - codigo=3244 - mensaje=Debe consignar la informacion del tipo de transaccion del comprobante - xml=REJECTED-20394062929-01-F001-00000007-20260829_160232.xml
2026-08-29T16:12:32-05:00 - Rechazo SUNAT - archivo=20394062929-01-F001-00000007 - codigo=3244 - mensaje=Debe consignar la informacion del tipo de transaccion del comprobante - xml=REJECTED-20394062929-01-F001-00000007-20260829_161232.xml
2026-08-29T16:14:44-05:00 - Rechazo SUNAT - archivo=20394062929-01-F001-00000008 - codigo=3244 - mensaje=Debe consignar la informacion del tipo de transaccion del comprobante - xml=REJECTED-20394062929-01-F001-00000008-20260829_161444.xml
2026-08-31T12:54:32-05:00 - Rechazo SUNAT - archivo=20394062929-01-F001-00000010 - codigo=HTTP - mensaje=Unauthorized - xml=REJECTED-20394062929-01-F001-00000010-20260831_125432.xml
2026-08-31T12:54:32-05:00 - Rechazo SUNAT - archivo=20394062929-03-B001-00000032 - codigo=HTTP - mensaje=Unauthorized - xml=REJECTED-20394062929-03-B001-00000032-20260831_125432.xml
